// Jest Snapshot v1, https://goo.gl/fbAQLP

exports[`matches snapshot 1`] = `
<DocumentFragment>
  <div
    class="Todo"
  >
    <li
      class="Todo-item"
    >
      <div
        class="Todo-controls"
      >
        <button>
          edit
        </button>
        <button>
          remove
        </button>
      </div>
    </li>
  </div>
</DocumentFragment>
`;
